Archive member included to satisfy reference by file (symbol)

c:/program files (x86)/atmel/studio/7.0/toolchain/arm/arm-gnu-toolchain/bin/../lib/gcc/arm-none-eabi/6.3.1/thumb/v7e-m\libgcc.a(_arm_addsubdf3.o)
                              EVE_commands.o (__aeabi_i2d)
c:/program files (x86)/atmel/studio/7.0/toolchain/arm/arm-gnu-toolchain/bin/../lib/gcc/arm-none-eabi/6.3.1/thumb/v7e-m\libgcc.a(_arm_muldivdf3.o)
                              EVE_commands.o (__aeabi_dmul)
c:/program files (x86)/atmel/studio/7.0/toolchain/arm/arm-gnu-toolchain/bin/../lib/gcc/arm-none-eabi/6.3.1/thumb/v7e-m\libgcc.a(_arm_fixunsdfsi.o)
                              EVE_commands.o (__aeabi_d2uiz)
c:/program files (x86)/atmel/studio/7.0/toolchain/arm/arm-gnu-toolchain/bin/../lib/gcc/arm-none-eabi/6.3.1/thumb/v7e-m\libgcc.a(_aeabi_ldivmod.o)
                              EVE_commands.o (__aeabi_ldivmod)
c:/program files (x86)/atmel/studio/7.0/toolchain/arm/arm-gnu-toolchain/bin/../lib/gcc/arm-none-eabi/6.3.1/thumb/v7e-m\libgcc.a(_udivmoddi4.o)
                              c:/program files (x86)/atmel/studio/7.0/toolchain/arm/arm-gnu-toolchain/bin/../lib/gcc/arm-none-eabi/6.3.1/thumb/v7e-m\libgcc.a(_aeabi_ldivmod.o) (__udivmoddi4)
c:/program files (x86)/atmel/studio/7.0/toolchain/arm/arm-gnu-toolchain/bin/../lib/gcc/arm-none-eabi/6.3.1/thumb/v7e-m\libgcc.a(_dvmd_tls.o)
                              c:/program files (x86)/atmel/studio/7.0/toolchain/arm/arm-gnu-toolchain/bin/../lib/gcc/arm-none-eabi/6.3.1/thumb/v7e-m\libgcc.a(_aeabi_ldivmod.o) (__aeabi_ldiv0)
c:/program files (x86)/atmel/studio/7.0/toolchain/arm/arm-gnu-toolchain/bin/../lib/gcc/arm-none-eabi/6.3.1/../../../../arm-none-eabi/lib/thumb/v7e-m\libc.a(lib_a-exit.o)
                              c:/program files (x86)/atmel/studio/7.0/toolchain/arm/arm-gnu-toolchain/bin/../lib/gcc/arm-none-eabi/6.3.1/../../../../arm-none-eabi/lib/thumb/v7e-m/crt0.o (exit)
c:/program files (x86)/atmel/studio/7.0/toolchain/arm/arm-gnu-toolchain/bin/../lib/gcc/arm-none-eabi/6.3.1/../../../../arm-none-eabi/lib/thumb/v7e-m\libc.a(lib_a-impure.o)
                              c:/program files (x86)/atmel/studio/7.0/toolchain/arm/arm-gnu-toolchain/bin/../lib/gcc/arm-none-eabi/6.3.1/../../../../arm-none-eabi/lib/thumb/v7e-m\libc.a(lib_a-exit.o) (_global_impure_ptr)
c:/program files (x86)/atmel/studio/7.0/toolchain/arm/arm-gnu-toolchain/bin/../lib/gcc/arm-none-eabi/6.3.1/../../../../arm-none-eabi/lib/thumb/v7e-m\libc.a(lib_a-init.o)
                              c:/program files (x86)/atmel/studio/7.0/toolchain/arm/arm-gnu-toolchain/bin/../lib/gcc/arm-none-eabi/6.3.1/../../../../arm-none-eabi/lib/thumb/v7e-m/crt0.o (__libc_init_array)
c:/program files (x86)/atmel/studio/7.0/toolchain/arm/arm-gnu-toolchain/bin/../lib/gcc/arm-none-eabi/6.3.1/../../../../arm-none-eabi/lib/thumb/v7e-m\libc.a(lib_a-memset.o)
                              c:/program files (x86)/atmel/studio/7.0/toolchain/arm/arm-gnu-toolchain/bin/../lib/gcc/arm-none-eabi/6.3.1/../../../../arm-none-eabi/lib/thumb/v7e-m/crt0.o (memset)
c:/program files (x86)/atmel/studio/7.0/toolchain/arm/arm-gnu-toolchain/bin/../lib/gcc/arm-none-eabi/6.3.1/../../../../arm-none-eabi/lib/thumb/v7e-m\libc.a(lib_a-__call_atexit.o)
                              c:/program files (x86)/atmel/studio/7.0/toolchain/arm/arm-gnu-toolchain/bin/../lib/gcc/arm-none-eabi/6.3.1/../../../../arm-none-eabi/lib/thumb/v7e-m\libc.a(lib_a-exit.o) (__call_exitprocs)
c:/program files (x86)/atmel/studio/7.0/toolchain/arm/arm-gnu-toolchain/bin/../lib/gcc/arm-none-eabi/6.3.1/../../../../arm-none-eabi/lib/thumb/v7e-m\libc.a(lib_a-atexit.o)
                              c:/program files (x86)/atmel/studio/7.0/toolchain/arm/arm-gnu-toolchain/bin/../lib/gcc/arm-none-eabi/6.3.1/../../../../arm-none-eabi/lib/thumb/v7e-m\libc.a(lib_a-__call_atexit.o) (atexit)
c:/program files (x86)/atmel/studio/7.0/toolchain/arm/arm-gnu-toolchain/bin/../lib/gcc/arm-none-eabi/6.3.1/../../../../arm-none-eabi/lib/thumb/v7e-m\libc.a(lib_a-fini.o)
                              c:/program files (x86)/atmel/studio/7.0/toolchain/arm/arm-gnu-toolchain/bin/../lib/gcc/arm-none-eabi/6.3.1/../../../../arm-none-eabi/lib/thumb/v7e-m\libc.a(lib_a-__call_atexit.o) (__libc_fini_array)
c:/program files (x86)/atmel/studio/7.0/toolchain/arm/arm-gnu-toolchain/bin/../lib/gcc/arm-none-eabi/6.3.1/../../../../arm-none-eabi/lib/thumb/v7e-m\libc.a(lib_a-lock.o)
                              c:/program files (x86)/atmel/studio/7.0/toolchain/arm/arm-gnu-toolchain/bin/../lib/gcc/arm-none-eabi/6.3.1/../../../../arm-none-eabi/lib/thumb/v7e-m\libc.a(lib_a-__call_atexit.o) (__retarget_lock_acquire_recursive)
c:/program files (x86)/atmel/studio/7.0/toolchain/arm/arm-gnu-toolchain/bin/../lib/gcc/arm-none-eabi/6.3.1/../../../../arm-none-eabi/lib/thumb/v7e-m\libc.a(lib_a-__atexit.o)
[...]
Memory Configuration

Name             Origin             Length             Attributes
rom              0x00000000         0x00080000         xr
ram              0x20000000         0x00030000         xrw
bkupram          0x47000000         0x00002000         xrw
qspi             0x04000000         0x01000000         xrw
*default*        0x00000000         0xffffffff

Linker script and memory map

LOAD c:/program files (x86)/atmel/studio/7.0/toolchain/arm/arm-gnu-toolchain/bin/../lib/gcc/arm-none-eabi/6.3.1/thumb/v7e-m/crti.o
LOAD c:/program files (x86)/atmel/studio/7.0/toolchain/arm/arm-gnu-toolchain/bin/../lib/gcc/arm-none-eabi/6.3.1/thumb/v7e-m/crtbegin.o
LOAD c:/program files (x86)/atmel/studio/7.0/toolchain/arm/arm-gnu-toolchain/bin/../lib/gcc/arm-none-eabi/6.3.1/../../../../arm-none-eabi/lib/thumb/v7e-m/crt0.o
LOAD Device_Startup/startup_same51.o
LOAD EVE_commands.o
LOAD EVE_target.o
LOAD main.o
LOAD tft.o
LOAD tft_data.o
START GROUP
LOAD c:/program files (x86)/atmel/studio/7.0/toolchain/arm/arm-gnu-toolchain/bin/../lib/gcc/arm-none-eabi/6.3.1/../../../../arm-none-eabi/lib/thumb/v7e-m\libm.a
END GROUP
START GROUP
LOAD c:/program files (x86)/atmel/studio/7.0/toolchain/arm/arm-gnu-toolchain/bin/../lib/gcc/arm-none-eabi/6.3.1/thumb/v7e-m\libgcc.a
LOAD c:/program files (x86)/atmel/studio/7.0/toolchain/arm/arm-gnu-toolchain/bin/../lib/gcc/arm-none-eabi/6.3.1/../../../../arm-none-eabi/lib/thumb/v7e-m\libc.a
END GROUP
LOAD c:/program files (x86)/atmel/studio/7.0/toolchain/arm/arm-gnu-toolchain/bin/../lib/gcc/arm-none-eabi/6.3.1/thumb/v7e-m/crtend.o
LOAD c:/program files (x86)/atmel/studio/7.0/toolchain/arm/arm-gnu-toolchain/bin/../lib/gcc/arm-none-eabi/6.3.1/thumb/v7e-m/crtn.o
                0x0000c000                STACK_SIZE = DEFINED (STACK_SIZE)?STACK_SIZE:DEFINED (__stack_size__)?__stack_size__:0xc000

.text           0x00000000     0x2bec
                0x00000000                . = ALIGN (0x4)
                0x00000000                _sfixed = .
 *(.vectors .vectors.*)
 .vectors       0x00000000      0x264 Device_Startup/startup_same51.o
                0x00000000                exception_table
 *(.text .text.* .gnu.linkonce.t.*)
 .text          0x00000264       0x6c c:/program files (x86)/atmel/studio/7.0/toolchain/arm/arm-gnu-toolchain/bin/../lib/gcc/arm-none-eabi/6.3.1/thumb/v7e-m/crtbegin.o
 .text.Dummy_Handler
                0x000002d0        0x4 Device_Startup/startup_same51.o
                0x000002d0                EIC_5_Handler
                0x000002d0                SVCall_Handler
                0x000002d0                SERCOM0_2_Handler
                0x000002d0                EIC_13_Handler
                0x000002d0                EVSYS_0_Handler
                0x000002d0                TCC1_3_Handler
                0x000002d0                DAC_3_Handler
                0x000002d0                TRNG_Handler
                0x000002d0                HardFault_Handler
                0x000002d0                TC2_Handler
                0x000002d0                PDEC_2_Handler
                0x000002d0                EIC_4_Handler
                0x000002d0                AC_Handler
                0x000002d0                SERCOM3_1_Handler
                0x000002d0                TCC2_3_Handler
                0x000002d0                SERCOM3_2_Handler
                0x000002d0                PendSV_Handler
                0x000002d0                ADC1_1_Handler
                0x000002d0                EVSYS_3_Handler
                0x000002d0                PDEC_0_Handler
                0x000002d0                QSPI_Handler
                0x000002d0                NonMaskableInt_Handler
                0x000002d0                TCC0_0_Handler
                0x000002d0                EIC_3_Handler
                0x000002d0                MemManagement_Handler
                0x000002d0                DAC_2_Handler
                0x000002d0                SERCOM0_0_Handler
                0x000002d0                RTC_Handler
                0x000002d0                UsageFault_Handler
                0x000002d0                SERCOM4_0_Handler
                0x000002d0                EIC_10_Handler
                0x000002d0                SERCOM0_3_Handler
                0x000002d0                EIC_11_Handler
                0x000002d0                EIC_9_Handler
                0x000002d0                OSC32KCTRL_Handler
                0x000002d0                TCC2_1_Handler
                0x000002d0                SUPC_1_Handler
                0x000002d0                TCC0_5_Handler
                0x000002d0                TCC0_6_Handler
                0x000002d0                EVSYS_1_Handler
                0x000002d0                TCC1_4_Handler
                0x000002d0                WDT_Handler
                0x000002d0                CAN0_Handler
                0x000002d0                EIC_8_Handler
                0x000002d0                EIC_15_Handler
                0x000002d0                SERCOM5_0_Handler
                0x000002d0                TC4_Handler
                0x000002d0                TC1_Handler
                0x000002d0                OSCCTRL_4_Handler
                0x000002d0                SERCOM4_3_Handler
                0x000002d0                EIC_12_Handler
                0x000002d0                DMAC_4_Handler
                0x000002d0                TCC4_2_Handler
                0x000002d0                PAC_Handler
                0x000002d0                TCC1_0_Handler
                0x000002d0                USB_0_Handler
                0x000002d0                OSCCTRL_0_Handler
                0x000002d0                EIC_0_Handler
                0x000002d0                OSCCTRL_3_Handler
                0x000002d0                SERCOM4_1_Handler
                0x000002d0                TC3_Handler
                0x000002d0                Dummy_Handler
                0x000002d0                TCC3_0_Handler
                0x000002d0                TCC2_2_Handler
                0x000002d0                SERCOM5_1_Handler
                0x000002d0                TCC1_1_Handler
                0x000002d0                DMAC_2_Handler
                0x000002d0                ADC0_0_Handler
                0x000002d0                SERCOM0_1_Handler
                0x000002d0                OSCCTRL_2_Handler
                0x000002d0                ADC1_0_Handler
                0x000002d0                TCC1_2_Handler
                0x000002d0                USB_1_Handler
                0x000002d0                PM_Handler
                0x000002d0                SERCOM2_3_Handler
                0x000002d0                DAC_4_Handler
                0x000002d0                TCC3_2_Handler
                0x000002d0                TCC0_2_Handler
                0x000002d0                DMAC_1_Handler
                0x000002d0                TCC4_0_Handler
                0x000002d0                USB_3_Handler
                0x000002d0                CAN1_Handler
                0x000002d0                TCC2_0_Handler
                0x000002d0                PDEC_1_Handler
                0x000002d0                TCC4_1_Handler
                0x000002d0                SERCOM5_3_Handler
                0x000002d0                USB_2_Handler
                0x000002d0                SDHC0_Handler
                0x000002d0                SERCOM1_1_Handler
                0x000002d0                I2S_Handler
                0x000002d0                EIC_2_Handler
                0x000002d0                PCC_Handler
                0x000002d0                DAC_0_Handler
                0x000002d0                TCC0_1_Handler
                0x000002d0                SERCOM1_3_Handler
                0x000002d0                EIC_6_Handler
                0x000002d0                OSCCTRL_1_Handler
                0x000002d0                SERCOM1_0_Handler
                0x000002d0                PUKCC_Handler
                0x000002d0                SERCOM2_1_Handler
                0x000002d0                SERCOM1_2_Handler
                0x000002d0                SERCOM3_0_Handler
                0x000002d0                EIC_1_Handler
                0x000002d0                SERCOM4_2_Handler
                0x000002d0                EVSYS_4_Handler
                0x000002d0                EIC_7_Handler
                0x000002d0                NVMCTRL_1_Handler
                0x000002d0                SERCOM5_2_Handler
                0x000002d0                SERCOM3_3_Handler
                0x000002d0                ADC0_1_Handler
                0x000002d0                SERCOM2_2_Handler
                0x000002d0                TCC3_1_Handler
                0x000002d0                EIC_14_Handler
                0x000002d0                DAC_1_Handler
                0x000002d0                NVMCTRL_0_Handler
                0x000002d0                MCLK_Handler
                0x000002d0                EVSYS_2_Handler
                0x000002d0                SUPC_0_Handler
                0x000002d0                BusFault_Handler
                0x000002d0                FREQM_Handler
                0x000002d0                TC0_Handler
                0x000002d0                TCC0_3_Handler
                0x000002d0                DMAC_3_Handler
                0x000002d0                DebugMonitor_Handler
                0x000002d0                TCC0_4_Handler
                0x000002d0                RAMECC_Handler
                0x000002d0                TC5_Handler
                0x000002d0                SERCOM2_0_Handler
                0x000002d0                AES_Handler
                0x000002d0                ICM_Handler
 .text.Reset_Handler
                0x000002d4       0x80 Device_Startup/startup_same51.o
                0x000002d4                Reset_Handler
 .text.EVE_cmdWrite
                0x00000354       0x48 EVE_commands.o
                0x00000354                EVE_cmdWrite
 .text.EVE_memRead8
                0x0000039c       0x6c EVE_commands.o
                0x0000039c                EVE_memRead8
 .text.EVE_memRead16
                0x00000408       0x80 EVE_commands.o
                0x00000408                EVE_memRead16
 .text.EVE_memWrite8
                0x00000488       0x60 EVE_commands.o
                0x00000488                EVE_memWrite8
 .text.EVE_memWrite16
                0x000004e8       0x70 EVE_commands.o
                0x000004e8                EVE_memWrite16
 .text.EVE_memWrite32
                0x00000558       0x90 EVE_commands.o
                0x00000558                EVE_memWrite32
 .text.EVE_busy.part.1
                0x000005e8      0x148 EVE_commands.o
 .text.EVE_busy
                0x00000730       0x18 EVE_commands.o
                0x00000730                EVE_busy
 .text.spi_flash_write
                0x00000748       0x48 EVE_commands.o
                0x00000748                spi_flash_write
 .text.block_transfer
                0x00000790       0x94 EVE_commands.o
                0x00000790                block_transfer
 .text.EVE_init
                0x00000824      0x21c EVE_commands.o
                0x00000824                EVE_init
 .text.EVE_start_cmd_burst
                0x00000a40       0x24 EVE_commands.o
                0x00000a40                EVE_start_cmd_burst
 .text.EVE_end_cmd_burst
                0x00000a64       0x14 EVE_commands.o
                0x00000a64                EVE_end_cmd_burst
 .text.EVE_start_command
                0x00000a78       0x80 EVE_commands.o
                0x00000a78                EVE_start_command
 .text.EVE_cmd_memcpy
                0x00000af8       0xf4 EVE_commands.o
                0x00000af8                EVE_cmd_memcpy
 .text.EVE_cmd_loadimage
                0x00000bec       0xc0 EVE_commands.o
                0x00000bec                EVE_cmd_loadimage
 .text.EVE_cmd_inflate
                0x00000cac       0x78 EVE_commands.o
                0x00000cac                EVE_cmd_inflate
 .text.EVE_write_string
                0x00000d24       0xc8 EVE_commands.o
                0x00000d24                EVE_write_string
 .text.EVE_cmd_text.part.3
                0x00000dec       0xb0 EVE_commands.o
 .text.EVE_cmd_dl
                0x00000e9c       0x24 EVE_commands.o
                0x00000e9c                EVE_cmd_dl
 .text.EVE_cmd_dl_burst
                0x00000ec0       0x20 EVE_commands.o
                0x00000ec0                EVE_cmd_dl_burst
 .text.EVE_cmd_append_burst
                0x00000ee0       0x40 EVE_commands.o
                0x00000ee0                EVE_cmd_append_burst
 .text.EVE_cmd_bgcolor
                0x00000f20       0x6c EVE_commands.o
                0x00000f20                EVE_cmd_bgcolor
 .text.EVE_cmd_button_burst
                0x00000f8c       0x7c EVE_commands.o
                0x00000f8c                EVE_cmd_button_burst
 .text.EVE_cmd_fgcolor_burst
                0x00001008       0x34 EVE_commands.o
                0x00001008                EVE_cmd_fgcolor_burst
 .text.EVE_cmd_number_burst
                0x0000103c       0x6c EVE_commands.o
                0x0000103c                EVE_cmd_number_burst
 .text.EVE_cmd_rotate_burst
                0x000010a8       0x34 EVE_commands.o
                0x000010a8                EVE_cmd_rotate_burst
 .text.EVE_cmd_setbitmap
                0x000010dc       0xf0 EVE_commands.o
                0x000010dc                EVE_cmd_setbitmap
 .text.EVE_cmd_setbitmap_burst
                0x000011cc       0x64 EVE_commands.o
                0x000011cc                EVE_cmd_setbitmap_burst
 .text.EVE_cmd_text
                0x00001230       0x1c EVE_commands.o
                0x00001230                EVE_cmd_text
 .text.EVE_cmd_translate_burst
                0x0000124c       0x40 EVE_commands.o
                0x0000124c                EVE_cmd_translate_burst
 .text.DELAY_MS
                0x0000128c       0x1c EVE_target.o
                0x0000128c                DELAY_MS
 .text.EVE_init_dma
                0x000012a8       0x74 EVE_target.o
                0x000012a8                EVE_init_dma
 .text.EVE_start_dma_transfer
                0x0000131c       0x5c EVE_target.o
                0x0000131c                EVE_start_dma_transfer
 .text.DMAC_0_Handler
                0x00001378       0x40 EVE_target.o
                0x00001378                DMAC_0_Handler
 .text.set_spi_speed.part.0
                0x000013b8       0x28 main.o
 .text.SysTick_Handler
                0x000013e0        0xc main.o
                0x000013e0                SysTick_Handler
 .text.init_clock
                0x000013ec       0x50 main.o
                0x000013ec                init_clock
 .text.init_spi
                0x0000143c       0x98 main.o
                0x0000143c                init_spi
 .text.startup.main
                0x000014d4      0x168 main.o
                0x000014d4                main
 .text.touch_calibrate
                0x0000163c       0x5c tft.o
                0x0000163c                touch_calibrate
 .text.initStaticBackground
                0x00001698      0x150 tft.o
                0x00001698                initStaticBackground
 .text.TFT_init
                0x000017e8       0x68 tft.o
                0x000017e8                TFT_init
 .text.TFT_touch
                0x00001850       0x4c tft.o
                0x00001850                TFT_touch
 .text.TFT_display
                0x0000189c      0x194 tft.o
                0x0000189c                TFT_display
 .text.__libc_init_array
                0x00001a30       0x50 c:/program files (x86)/atmel/studio/7.0/toolchain/arm/arm-gnu-toolchain/bin/../lib/gcc/arm-none-eabi/6.3.1/../../../../arm-none-eabi/lib/thumb/v7e-m\libc.a(lib_a-init.o)
                0x00001a30                __libc_init_array
 .text.startup.register_fini
                0x00001a80       0x14 c:/program files (x86)/atmel/studio/7.0/toolchain/arm/arm-gnu-toolchain/bin/../lib/gcc/arm-none-eabi/6.3.1/../../../../arm-none-eabi/lib/thumb/v7e-m\libc.a(lib_a-__call_atexit.o)
 .text.atexit   0x00001a94        0xc c:/program files (x86)/atmel/studio/7.0/toolchain/arm/arm-gnu-toolchain/bin/../lib/gcc/arm-none-eabi/6.3.1/../../../../arm-none-eabi/lib/thumb/v7e-m\libc.a(lib_a-atexit.o)
                0x00001a94                atexit
 .text.__libc_fini_array
                0x00001aa0       0x34 c:/program files (x86)/atmel/studio/7.0/toolchain/arm/arm-gnu-toolchain/bin/../lib/gcc/arm-none-eabi/6.3.1/../../../../arm-none-eabi/lib/thumb/v7e-m\libc.a(lib_a-fini.o)
                0x00001aa0                __libc_fini_array
 .text.__retarget_lock_acquire_recursive
                0x00001ad4        0x4 c:/program files (x86)/atmel/studio/7.0/toolchain/arm/arm-gnu-toolchain/bin/../lib/gcc/arm-none-eabi/6.3.1/../../../../arm-none-eabi/lib/thumb/v7e-m\libc.a(lib_a-lock.o)
                0x00001ad4                __retarget_lock_acquire_recursive
 .text.__retarget_lock_release_recursive
                0x00001ad8        0x4 c:/program files (x86)/atmel/studio/7.0/toolchain/arm/arm-gnu-toolchain/bin/../lib/gcc/arm-none-eabi/6.3.1/../../../../arm-none-eabi/lib/thumb/v7e-m\libc.a(lib_a-lock.o)
                0x00001ad8                __retarget_lock_release_recursive
 .text.__register_exitproc
                0x00001adc       0xc4 c:/program files (x86)/atmel/studio/7.0/toolchain/arm/arm-gnu-toolchain/bin/../lib/gcc/arm-none-eabi/6.3.1/../../../../arm-none-eabi/lib/thumb/v7e-m\libc.a(lib_a-__atexit.o)
                0x00001adc                __register_exitproc
 *(.glue_7t)
 .glue_7t       0x00001ba0        0x0 linker stubs
 *(.glue_7)
 .glue_7        0x00001ba0        0x0 linker stubs
 *(.rodata .rodata* .gnu.linkonce.r.*)
 .rodata.str1.4
                0x00001ba0       0x30 tft.o
                                 0x2f (size before relaxing)
 .rodata        0x00001bd0      0xff3 tft_data.o
                0x00001bd0                pic
                0x00002ad4                logo
 *fill*         0x00002bc3        0x1 
 .rodata._global_impure_ptr
                0x00002bc4        0x4 c:/program files (x86)/atmel/studio/7.0/toolchain/arm/arm-gnu-toolchain/bin/../lib/gcc/arm-none-eabi/6.3.1/../../../../arm-none-eabi/lib/thumb/v7e-m\libc.a(lib_a-impure.o)
                0x00002bc4                _global_impure_ptr
 *(.ARM.extab* .gnu.linkonce.armextab.*)
                0x00002bc8                . = ALIGN (0x4)
 *(.init)
 .init          0x00002bc8        0x4 c:/program files (x86)/atmel/studio/7.0/toolchain/arm/arm-gnu-toolchain/bin/../lib/gcc/arm-none-eabi/6.3.1/thumb/v7e-m/crti.o
                0x00002bc8                _init
 .init          0x00002bcc        0x8 c:/program files (x86)/atmel/studio/7.0/toolchain/arm/arm-gnu-toolchain/bin/../lib/gcc/arm-none-eabi/6.3.1/thumb/v7e-m/crtn.o
                0x00002bd4                . = ALIGN (0x4)
                0x00002bd4                __preinit_array_start = .
 *(.preinit_array)
                0x00002bd4                __preinit_array_end = .
                0x00002bd4                . = ALIGN (0x4)
                0x00002bd4                __init_array_start = .
 *(SORT(.init_array.*))
 .init_array.00000
                0x00002bd4        0x4 c:/program files (x86)/atmel/studio/7.0/toolchain/arm/arm-gnu-toolchain/bin/../lib/gcc/arm-none-eabi/6.3.1/../../../../arm-none-eabi/lib/thumb/v7e-m\libc.a(lib_a-__call_atexit.o)
 *(.init_array)
 .init_array    0x00002bd8        0x4 c:/program files (x86)/atmel/studio/7.0/toolchain/arm/arm-gnu-toolchain/bin/../lib/gcc/arm-none-eabi/6.3.1/thumb/v7e-m/crtbegin.o
                0x00002bdc                __init_array_end = .
                0x00002bdc                . = ALIGN (0x4)
 *crtbegin.o(.ctors)
 *(EXCLUDE_FILE(*crtend.o) .ctors)
 *(SORT(.ctors.*))
 *crtend.o(.ctors)
                0x00002bdc                . = ALIGN (0x4)
 *(.fini)
 .fini          0x00002bdc        0x4 c:/program files (x86)/atmel/studio/7.0/toolchain/arm/arm-gnu-toolchain/bin/../lib/gcc/arm-none-eabi/6.3.1/thumb/v7e-m/crti.o
                0x00002bdc                _fini
 .fini          0x00002be0        0x8 c:/program files (x86)/atmel/studio/7.0/toolchain/arm/arm-gnu-toolchain/bin/../lib/gcc/arm-none-eabi/6.3.1/thumb/v7e-m/crtn.o
                0x00002be8                . = ALIGN (0x4)
                0x00002be8                __fini_array_start = .
 *(.fini_array)
 .fini_array    0x00002be8        0x4 c:/program files (x86)/atmel/studio/7.0/toolchain/arm/arm-gnu-toolchain/bin/../lib/gcc/arm-none-eabi/6.3.1/thumb/v7e-m/crtbegin.o
 *(SORT(.fini_array.*))
                0x00002bec                __fini_array_end = .
 *crtbegin.o(.dtors)
 *(EXCLUDE_FILE(*crtend.o) .dtors)
 *(SORT(.dtors.*))
 *crtend.o(.dtors)
                0x00002bec                . = ALIGN (0x4)
                0x00002bec                _efixed = .
                [!provide]                PROVIDE (__exidx_start, .)

.vfp11_veneer   0x00002bec        0x0
 .vfp11_veneer  0x00002bec        0x0 linker stubs

.v4_bx          0x00002bec        0x0
 .v4_bx         0x00002bec        0x0 linker stubs

.iplt           0x00002bec        0x0
 .iplt          0x00002bec        0x0 c:/program files (x86)/atmel/studio/7.0/toolchain/arm/arm-gnu-toolchain/bin/../lib/gcc/arm-none-eabi/6.3.1/thumb/v7e-m/crtbegin.o

.eh_frame       0x00002bec        0x0
 .eh_frame      0x00002bec        0x0 c:/program files (x86)/atmel/studio/7.0/toolchain/arm/arm-gnu-toolchain/bin/../lib/gcc/arm-none-eabi/6.3.1/thumb/v7e-m/crtbegin.o

.rel.dyn        0x00002bec        0x0
 .rel.iplt      0x00002bec        0x0 c:/program files (x86)/atmel/studio/7.0/toolchain/arm/arm-gnu-toolchain/bin/../lib/gcc/arm-none-eabi/6.3.1/thumb/v7e-m/crtbegin.o

.jcr            0x00002bec        0x0
 .jcr           0x00002bec        0x0 c:/program files (x86)/atmel/studio/7.0/toolchain/arm/arm-gnu-toolchain/bin/../lib/gcc/arm-none-eabi/6.3.1/thumb/v7e-m/crtbegin.o

.igot.plt       0x00002bec        0x0
 .igot.plt      0x00002bec        0x0 c:/program files (x86)/atmel/studio/7.0/toolchain/arm/arm-gnu-toolchain/bin/../lib/gcc/arm-none-eabi/6.3.1/thumb/v7e-m/crtbegin.o

.ARM.exidx
 *(.ARM.exidx* .gnu.linkonce.armexidx.*)
                [!provide]                PROVIDE (__exidx_end, .)
                0x00002bec                . = ALIGN (0x4)
                0x00002bec                _etext = .

.relocate       0x20000000      0x42c load address 0x00002bec
                0x20000000                . = ALIGN (0x4)
                0x20000000                _srelocate = .
 *(.ramfunc .ramfunc.*)
 *(.data .data.*)
 .data.impure_data
                0x20000000      0x428 c:/program files (x86)/atmel/studio/7.0/toolchain/arm/arm-gnu-toolchain/bin/../lib/gcc/arm-none-eabi/6.3.1/../../../../arm-none-eabi/lib/thumb/v7e-m\libc.a(lib_a-impure.o)
 .data.__atexit_recursive_mutex
                0x20000428        0x4 c:/program files (x86)/atmel/studio/7.0/toolchain/arm/arm-gnu-toolchain/bin/../lib/gcc/arm-none-eabi/6.3.1/../../../../arm-none-eabi/lib/thumb/v7e-m\libc.a(lib_a-__call_atexit.o)
                0x20000428                __atexit_recursive_mutex
                0x2000042c                . = ALIGN (0x4)
                0x2000042c                _erelocate = .

.bkupram        0x47000000        0x0
                0x47000000                . = ALIGN (0x8)
                0x47000000                _sbkupram = .
 *(.bkupram .bkupram.*)
                0x47000000                . = ALIGN (0x8)
                0x47000000                _ebkupram = .

.qspi           0x04000000        0x0
                0x04000000                . = ALIGN (0x8)
                0x04000000                _sqspi = .
 *(.qspi .qspi.*)
                0x04000000                . = ALIGN (0x8)
                0x04000000                _eqspi = .

.bss            0x20000430     0x1084 load address 0x00003020
                0x20000430                . = ALIGN (0x4)
                0x20000430                _sbss = .
                0x20000430                _szero = .
 *(.bss .bss.*)
 .bss           0x20000430       0x1c c:/program files (x86)/atmel/studio/7.0/toolchain/arm/arm-gnu-toolchain/bin/../lib/gcc/arm-none-eabi/6.3.1/thumb/v7e-m/crtbegin.o
 .bss           0x2000044c        0x1 EVE_commands.o
                0x2000044c                cmd_burst
 *fill*         0x2000044d        0x3 
 .bss           0x20000450       0x21 EVE_target.o
                0x20000470                EVE_dma_busy
 .bss           0x20000471        0x1 main.o
                0x20000471                system_tick
 *fill*         0x20000472        0x2 
 .bss           0x20000474        0x8 tft.o
                0x20000474                tft_active
                0x20000476                toggle_state
 *(COMMON)
 COMMON         0x2000047c     0x1008 EVE_target.o
                0x2000047c                EVE_dma_buffer_index
                0x20000480                EVE_dma_buffer
 COMMON         0x20001484        0xa tft.o
                0x20001484                num_profile_a
                0x20001488                num_dl_static
                0x2000148c                num_profile_b
 *fill*         0x2000148e        0x2 
 COMMON         0x20001490       0x21 c:/program files (x86)/atmel/studio/7.0/toolchain/arm/arm-gnu-toolchain/bin/../lib/gcc/arm-none-eabi/6.3.1/../../../../arm-none-eabi/lib/thumb/v7e-m\libc.a(lib_a-lock.o)
                0x20001490                __lock___atexit_recursive_mutex
                0x20001494                __lock___arc4random_mutex
                0x20001498                __lock___env_recursive_mutex
                0x2000149c                __lock___sinit_recursive_mutex
                0x200014a0                __lock___malloc_recursive_mutex
                0x200014a4                __lock___at_quick_exit_mutex
                0x200014a8                __lock___dd_hash_mutex
                0x200014ac                __lock___tz_mutex
                0x200014b0                __lock___sfp_recursive_mutex
                0x200014b4                . = ALIGN (0x4)
 *fill*         0x200014b1        0x3 
                0x200014b4                _ebss = .
                0x200014b4                _ezero = .

.stack          0x200014b4     0xc004 load address 0x000040a4
                0x200014b8                . = ALIGN (0x8)
 *fill*         0x200014b4        0x4 
                0x200014b8                _sstack = .
                0x2000d4b8                . = (. + STACK_SIZE)
 *fill*         0x200014b8     0xc000 
                0x2000d4b8                . = ALIGN (0x8)
                0x2000d4b8                _estack = .
                0x2000d4b8                . = ALIGN (0x4)
                0x2000d4b8                _end = .
OUTPUT(EVE_Test.elf elf32-littlearm)

.ARM.attributes
                0x00000000       0x2a
 .ARM.attributes
                0x00000000       0x1e c:/program files (x86)/atmel/studio/7.0/toolchain/arm/arm-gnu-toolchain/bin/../lib/gcc/arm-none-eabi/6.3.1/thumb/v7e-m/crti.o
 .ARM.attributes
                0x0000001e       0x2e c:/program files (x86)/atmel/studio/7.0/toolchain/arm/arm-gnu-toolchain/bin/../lib/gcc/arm-none-eabi/6.3.1/thumb/v7e-m/crtbegin.o
 .ARM.attributes
                0x0000004c       0x33 Device_Startup/startup_same51.o
 .ARM.attributes
                0x0000007f       0x33 EVE_commands.o
 .ARM.attributes
                0x000000b2       0x33 EVE_target.o
 .ARM.attributes
                0x000000e5       0x33 main.o
 .ARM.attributes
                0x00000118       0x33 tft.o
 .ARM.attributes
                0x0000014b       0x33 tft_data.o
 .ARM.attributes
                0x0000017e       0x2e c:/program files (x86)/atmel/studio/7.0/toolchain/arm/arm-gnu-toolchain/bin/../lib/gcc/arm-none-eabi/6.3.1/../../../../arm-none-eabi/lib/thumb/v7e-m\libc.a(lib_a-impure.o)
 .ARM.attributes
                0x000001ac       0x2e c:/program files (x86)/atmel/studio/7.0/toolchain/arm/arm-gnu-toolchain/bin/../lib/gcc/arm-none-eabi/6.3.1/../../../../arm-none-eabi/lib/thumb/v7e-m\libc.a(lib_a-init.o)
 .ARM.attributes
                0x000001da       0x2e c:/program files (x86)/atmel/studio/7.0/toolchain/arm/arm-gnu-toolchain/bin/../lib/gcc/arm-none-eabi/6.3.1/../../../../arm-none-eabi/lib/thumb/v7e-m\libc.a(lib_a-__call_atexit.o)
 .ARM.attributes
                0x00000208       0x2e c:/program files (x86)/atmel/studio/7.0/toolchain/arm/arm-gnu-toolchain/bin/../lib/gcc/arm-none-eabi/6.3.1/../../../../arm-none-eabi/lib/thumb/v7e-m\libc.a(lib_a-atexit.o)
 .ARM.attributes
                0x00000236       0x2e c:/program files (x86)/atmel/studio/7.0/toolchain/arm/arm-gnu-toolchain/bin/../lib/gcc/arm-none-eabi/6.3.1/../../../../arm-none-eabi/lib/thumb/v7e-m\libc.a(lib_a-fini.o)
 .ARM.attributes
                0x00000264       0x2e c:/program files (x86)/atmel/studio/7.0/toolchain/arm/arm-gnu-toolchain/bin/../lib/gcc/arm-none-eabi/6.3.1/../../../../arm-none-eabi/lib/thumb/v7e-m\libc.a(lib_a-lock.o)
 .ARM.attributes
                0x00000292       0x2e c:/program files (x86)/atmel/studio/7.0/toolchain/arm/arm-gnu-toolchain/bin/../lib/gcc/arm-none-eabi/6.3.1/../../../../arm-none-eabi/lib/thumb/v7e-m\libc.a(lib_a-__atexit.o)
 .ARM.attributes
                0x000002c0       0x1e c:/program files (x86)/atmel/studio/7.0/toolchain/arm/arm-gnu-toolchain/bin/../lib/gcc/arm-none-eabi/6.3.1/thumb/v7e-m/crtn.o

.comment        0x00000000       0x59
 .comment       0x00000000       0x59 Device_Startup/startup_same51.o
                                 0x5a (size before relaxing)
 .comment       0x00000059       0x5a EVE_commands.o
 .comment       0x00000059       0x5a EVE_target.o
 .comment       0x00000059       0x5a main.o
 .comment       0x00000059       0x5a tft.o
 .comment       0x00000059       0x5a tft_data.o

.debug_info     0x00000000    0x1a99e
 .debug_info    0x00000000      0xd3f Device_Startup/startup_same51.o
 .debug_info    0x00000d3f     0xe314 EVE_commands.o
 .debug_info    0x0000f053     0x4a64 EVE_target.o
 .debug_info    0x00013ab7     0x62b9 main.o
 .debug_info    0x00019d70      0xb55 tft.o
 .debug_info    0x0001a8c5       0xd9 tft_data.o

.debug_abbrev   0x00000000      0xe1f
 .debug_abbrev  0x00000000      0x153 Device_Startup/startup_same51.o
 .debug_abbrev  0x00000153      0x4fb EVE_commands.o
 .debug_abbrev  0x0000064e      0x273 EVE_target.o
 .debug_abbrev  0x000008c1      0x33b main.o
 .debug_abbrev  0x00000bfc      0x1a9 tft.o
 .debug_abbrev  0x00000da5       0x7a tft_data.o

.debug_loc      0x00000000     0xb315
 .debug_loc     0x00000000       0x6b Device_Startup/startup_same51.o
 .debug_loc     0x0000006b     0xaf0c EVE_commands.o
 .debug_loc     0x0000af77      0x108 EVE_target.o
 .debug_loc     0x0000b07f      0x13a main.o
 .debug_loc     0x0000b1b9      0x15c tft.o

.debug_aranges  0x00000000      0x578
 .debug_aranges
                0x00000000       0x28 Device_Startup/startup_same51.o
 .debug_aranges
                0x00000028      0x468 EVE_commands.o
 .debug_aranges
                0x00000490       0x38 EVE_target.o
 .debug_aranges
                0x000004c8       0x58 main.o
 .debug_aranges
                0x00000520       0x40 tft.o
 .debug_aranges
                0x00000560       0x18 tft_data.o

.debug_ranges   0x00000000     0x8048
 .debug_ranges  0x00000000       0x18 Device_Startup/startup_same51.o
 .debug_ranges  0x00000018     0x7e70 EVE_commands.o
 .debug_ranges  0x00007e88       0x98 EVE_target.o
 .debug_ranges  0x00007f20       0xe0 main.o
 .debug_ranges  0x00008000       0x48 tft.o

.debug_macro    0x00000000    0x23789
 .debug_macro   0x00000000      0x46c Device_Startup/startup_same51.o
 .debug_macro   0x0000046c      0x8b0 Device_Startup/startup_same51.o
 .debug_macro   0x00000d1c       0x22 Device_Startup/startup_same51.o
 .debug_macro   0x00000d3e       0x87 Device_Startup/startup_same51.o
 .debug_macro   0x00000dc5       0x51 Device_Startup/startup_same51.o
 .debug_macro   0x00000e16       0xef Device_Startup/startup_same51.o
 .debug_macro   0x00000f05       0x6a Device_Startup/startup_same51.o
 .debug_macro   0x00000f6f      0x1df Device_Startup/startup_same51.o
 .debug_macro   0x0000114e       0x4e Device_Startup/startup_same51.o
 .debug_macro   0x0000119c       0x1c Device_Startup/startup_same51.o
 .debug_macro   0x000011b8       0x22 Device_Startup/startup_same51.o
 .debug_macro   0x000011da       0xdf Device_Startup/startup_same51.o
 .debug_macro   0x000012b9     0x102d Device_Startup/startup_same51.o
 .debug_macro   0x000022e6      0x11f Device_Startup/startup_same51.o
 .debug_macro   0x00002405      0x706 Device_Startup/startup_same51.o
 .debug_macro   0x00002b0b      0xb5b Device_Startup/startup_same51.o
 .debug_macro   0x00003666      0x3c0 Device_Startup/startup_same51.o
 .debug_macro   0x00003a26     0x2d61 Device_Startup/startup_same51.o
 .debug_macro   0x00006787      0x336 Device_Startup/startup_same51.o
 .debug_macro   0x00006abd      0x3b7 Device_Startup/startup_same51.o
 .debug_macro   0x00006e74      0x668 Device_Startup/startup_same51.o
 .debug_macro   0x000074dc     0x143f Device_Startup/startup_same51.o
 .debug_macro   0x0000891b      0x651 Device_Startup/startup_same51.o
 .debug_macro   0x00008f6c      0x67b Device_Startup/startup_same51.o
 .debug_macro   0x000095e7      0x6d7 Device_Startup/startup_same51.o
 .debug_macro   0x00009cbe      0x172 Device_Startup/startup_same51.o
 .debug_macro   0x00009e30      0x395 Device_Startup/startup_same51.o
 .debug_macro   0x0000a1c5       0x3a Device_Startup/startup_same51.o
 .debug_macro   0x0000a1ff      0x72a Device_Startup/startup_same51.o
 .debug_macro   0x0000a929      0xb12 Device_Startup/startup_same51.o
 .debug_macro   0x0000b43b      0x5ad Device_Startup/startup_same51.o
 .debug_macro   0x0000b9e8      0xbc0 Device_Startup/startup_same51.o
 .debug_macro   0x0000c5a8      0x9b9 Device_Startup/startup_same51.o
 .debug_macro   0x0000cf61      0x2a3 Device_Startup/startup_same51.o
 .debug_macro   0x0000d204      0x8a1 Device_Startup/startup_same51.o
 .debug_macro   0x0000daa5      0x1ea Device_Startup/startup_same51.o
 .debug_macro   0x0000dc8f      0x8f4 Device_Startup/startup_same51.o
 .debug_macro   0x0000e583      0x216 Device_Startup/startup_same51.o
 .debug_macro   0x0000e799      0x3f9 Device_Startup/startup_same51.o
 .debug_macro   0x0000eb92      0x620 Device_Startup/startup_same51.o
 .debug_macro   0x0000f1b2      0x10d Device_Startup/startup_same51.o
 .debug_macro   0x0000f2bf       0xb8 Device_Startup/startup_same51.o
 .debug_macro   0x0000f377     0x1df7 Device_Startup/startup_same51.o
 .debug_macro   0x0001116e     0x2e69 Device_Startup/startup_same51.o
 .debug_macro   0x00013fd7     0x11ed Device_Startup/startup_same51.o
 .debug_macro   0x000151c4      0x50e Device_Startup/startup_same51.o
 .debug_macro   0x000156d2      0x930 Device_Startup/startup_same51.o
 .debug_macro   0x00016002     0x1ad8 Device_Startup/startup_same51.o
 .debug_macro   0x00017ada       0xe7 Device_Startup/startup_same51.o
 .debug_macro   0x00017bc1     0x13e6 Device_Startup/startup_same51.o
 .debug_macro   0x00018fa7      0x36a Device_Startup/startup_same51.o
 .debug_macro   0x00019311       0x94 Device_Startup/startup_same51.o
 .debug_macro   0x000193a5       0xdc Device_Startup/startup_same51.o
 .debug_macro   0x00019481       0xe2 Device_Startup/startup_same51.o
 .debug_macro   0x00019563       0xdc Device_Startup/startup_same51.o
 .debug_macro   0x0001963f      0x149 Device_Startup/startup_same51.o
 .debug_macro   0x00019788      0x149 Device_Startup/startup_same51.o
 .debug_macro   0x000198d1       0x46 Device_Startup/startup_same51.o
 .debug_macro   0x00019917       0x4c Device_Startup/startup_same51.o
 .debug_macro   0x00019963       0xc4 Device_Startup/startup_same51.o
 .debug_macro   0x00019a27      0x7d5 Device_Startup/startup_same51.o
 .debug_macro   0x0001a1fc       0xb8 Device_Startup/startup_same51.o
 .debug_macro   0x0001a2b4       0x7c Device_Startup/startup_same51.o
 .debug_macro   0x0001a330      0xc19 Device_Startup/startup_same51.o
 .debug_macro   0x0001af49       0x46 Device_Startup/startup_same51.o
 .debug_macro   0x0001af8f      0x25b Device_Startup/startup_same51.o
 .debug_macro   0x0001b1ea      0x169 Device_Startup/startup_same51.o
 .debug_macro   0x0001b353       0x7c Device_Startup/startup_same51.o
 .debug_macro   0x0001b3cf       0xbe Device_Startup/startup_same51.o
 .debug_macro   0x0001b48d       0x4c Device_Startup/startup_same51.o
 .debug_macro   0x0001b4d9       0x82 Device_Startup/startup_same51.o
 .debug_macro   0x0001b55b      0x1a3 Device_Startup/startup_same51.o
 .debug_macro   0x0001b6fe       0x46 Device_Startup/startup_same51.o
 .debug_macro   0x0001b744       0x6a Device_Startup/startup_same51.o
 .debug_macro   0x0001b7ae       0x46 Device_Startup/startup_same51.o
 .debug_macro   0x0001b7f4       0x88 Device_Startup/startup_same51.o
 .debug_macro   0x0001b87c       0x46 Device_Startup/startup_same51.o
 .debug_macro   0x0001b8c2      0x1e1 Device_Startup/startup_same51.o
 .debug_macro   0x0001baa3       0x1c Device_Startup/startup_same51.o
 .debug_macro   0x0001babf       0x76 Device_Startup/startup_same51.o
 .debug_macro   0x0001bb35       0x3a Device_Startup/startup_same51.o
 .debug_macro   0x0001bb6f       0x2e Device_Startup/startup_same51.o
 .debug_macro   0x0001bb9d      0x196 Device_Startup/startup_same51.o
 .debug_macro   0x0001bd33      0x16f Device_Startup/startup_same51.o
 .debug_macro   0x0001bea2      0x25d Device_Startup/startup_same51.o
 .debug_macro   0x0001c0ff      0x25d Device_Startup/startup_same51.o
 .debug_macro   0x0001c35c      0x25d Device_Startup/startup_same51.o
 .debug_macro   0x0001c5b9      0x25d Device_Startup/startup_same51.o
 .debug_macro   0x0001c816      0x25d Device_Startup/startup_same51.o
 .debug_macro   0x0001ca73      0x25d Device_Startup/startup_same51.o
 .debug_macro   0x0001ccd0       0x52 Device_Startup/startup_same51.o
 .debug_macro   0x0001cd22       0xfa Device_Startup/startup_same51.o
 .debug_macro   0x0001ce1c       0xfa Device_Startup/startup_same51.o
 .debug_macro   0x0001cf16       0xfa Device_Startup/startup_same51.o
 .debug_macro   0x0001d010       0xfa Device_Startup/startup_same51.o
 .debug_macro   0x0001d10a       0xfa Device_Startup/startup_same51.o
 .debug_macro   0x0001d204       0xfa Device_Startup/startup_same51.o
 .debug_macro   0x0001d2fe      0x148 Device_Startup/startup_same51.o
 .debug_macro   0x0001d446      0x124 Device_Startup/startup_same51.o
 .debug_macro   0x0001d56a      0x106 Device_Startup/startup_same51.o
 .debug_macro   0x0001d670       0xee Device_Startup/startup_same51.o
 .debug_macro   0x0001d75e       0xee Device_Startup/startup_same51.o
 .debug_macro   0x0001d84c       0x2e Device_Startup/startup_same51.o
 .debug_macro   0x0001d87a      0x46a Device_Startup/startup_same51.o
 .debug_macro   0x0001dce4       0x3a Device_Startup/startup_same51.o
 .debug_macro   0x0001dd1e      0x53d Device_Startup/startup_same51.o
 .debug_macro   0x0001e25b     0x318b Device_Startup/startup_same51.o
 .debug_macro   0x000213e6       0xcf Device_Startup/startup_same51.o
 .debug_macro   0x000214b5      0x4be EVE_commands.o
 .debug_macro   0x00021973       0x43 EVE_commands.o
 .debug_macro   0x000219b6       0x9c EVE_commands.o
 .debug_macro   0x00021a52      0xe57 EVE_commands.o
 .debug_macro   0x000228a9       0x58 EVE_commands.o
 .debug_macro   0x00022901      0x49e EVE_target.o
 .debug_macro   0x00022d9f      0x476 main.o
 .debug_macro   0x00023215      0x4fb tft.o
 .debug_macro   0x00023710       0x10 tft.o
 .debug_macro   0x00023720       0x69 tft_data.o

.debug_line     0x00000000     0x5b9b
 .debug_line    0x00000000      0x84a Device_Startup/startup_same51.o
 .debug_line    0x0000084a     0x351f EVE_commands.o
 .debug_line    0x00003d69      0x938 EVE_target.o
 .debug_line    0x000046a1      0x994 main.o
 .debug_line    0x00005035      0x93b tft.o
 .debug_line    0x00005970      0x22b tft_data.o

.debug_str      0x00000000    0xded8f
 .debug_str     0x00000000    0xd8069 Device_Startup/startup_same51.o
                              0xd844d (size before relaxing)
 .debug_str     0x000d8069     0x4f61 EVE_commands.o
                              0xdc91e (size before relaxing)
 .debug_str     0x000dcfca      0xfa9 EVE_target.o
                              0xdcb63 (size before relaxing)
 .debug_str     0x000ddf73      0xc11 main.o
                              0xd95eb (size before relaxing)
 .debug_str     0x000deb84      0x1fb tft.o
                              0xdb440 (size before relaxing)
 .debug_str     0x000ded7f       0x10 tft_data.o
                               0x346b (size before relaxing)

.debug_frame    0x00000000     0x1628
 .debug_frame   0x00000000       0x38 Device_Startup/startup_same51.o
 .debug_frame   0x00000038     0x1230 EVE_commands.o
 .debug_frame   0x00001268       0x80 EVE_target.o
 .debug_frame   0x000012e8       0xc4 main.o
 .debug_frame   0x000013ac       0xbc tft.o
 .debug_frame   0x00001468       0x2c c:/program files (x86)/atmel/studio/7.0/toolchain/arm/arm-gnu-toolchain/bin/../lib/gcc/arm-none-eabi/6.3.1/../../../../arm-none-eabi/lib/thumb/v7e-m\libc.a(lib_a-init.o)
 .debug_frame   0x00001494       0x5c c:/program files (x86)/atmel/studio/7.0/toolchain/arm/arm-gnu-toolchain/bin/../lib/gcc/arm-none-eabi/6.3.1/../../../../arm-none-eabi/lib/thumb/v7e-m\libc.a(lib_a-__call_atexit.o)
 .debug_frame   0x000014f0       0x20 c:/program files (x86)/atmel/studio/7.0/toolchain/arm/arm-gnu-toolchain/bin/../lib/gcc/arm-none-eabi/6.3.1/../../../../arm-none-eabi/lib/thumb/v7e-m\libc.a(lib_a-atexit.o)
 .debug_frame   0x00001510       0x34 c:/program files (x86)/atmel/studio/7.0/toolchain/arm/arm-gnu-toolchain/bin/../lib/gcc/arm-none-eabi/6.3.1/../../../../arm-none-eabi/lib/thumb/v7e-m\libc.a(lib_a-fini.o)
 .debug_frame   0x00001544       0xb0 c:/program files (x86)/atmel/studio/7.0/toolchain/arm/arm-gnu-toolchain/bin/../lib/gcc/arm-none-eabi/6.3.1/../../../../arm-none-eabi/lib/thumb/v7e-m\libc.a(lib_a-lock.o)
 .debug_frame   0x000015f4       0x34 c:/program files (x86)/atmel/studio/7.0/toolchain/arm/arm-gnu-toolchain/bin/../lib/gcc/arm-none-eabi/6.3.1/../../../../arm-none-eabi/lib/thumb/v7e-m\libc.a(lib_a-__atexit.o)
